
> client@0.0.0 build
> vite build

[36mvite v6.3.4 [32mbuilding for production...[36m[39m
transforming...
[32mΓ£ô[39m 49 modules transformed.
node.exe : [31mΓ£ù[39m 
Build failed in 1.20s
At line:1 char:1
+ & "C:\Program 
Files\nodejs/node.exe" 
"C:\Program 
Files\nodejs/node_mo ...
+ ~~~~~~~~~~~~~~~~~~~~~~~~~
~~~~~~~~~~~~~~~~~~~~~~~~~~~
~~~~~~~~~~~~~~~~~
    + CategoryInfo         
     : NotSpecified: ([3  
  1mΓ£ù[39m Build faile   
 d in 1.20s:String) [],    
 RemoteException
    + FullyQualifiedErrorI 
   d : NativeCommandError
 
[31merror during build:
[31m[vite:esbuild] 
Transform failed with 1 
error:
C:/Users/anubh/OneDrive/Des
ktop/SkillSwapPt/client/src
/components/Community.jsx:1
854:11: ERROR: 
Unterminated regular 
expression[31m
file: [36mC:/Users/anubh/O
neDrive/Desktop/SkillSwapPt
/client/src/components/Comm
unity.jsx:1854:11[31m
[33m
[33mUnterminated regular 
expression[33m
1852|  
1853|      </div>
1854|      </div >
   |             ^
1855|    );
1856|  };
[31m
    at failureErrorWithLog 
(C:\Users\anubh\OneDrive\De
sktop\SkillSwapPt\client\no
de_modules\esbuild\lib\main
.js:1477:15)
    at C:\Users\anubh\OneDr
ive\Desktop\SkillSwapPt\cli
ent\node_modules\esbuild\li
b\main.js:756:50
    at responseCallbacks.<c
omputed> (C:\Users\anubh\On
eDrive\Desktop\SkillSwapPt\
client\node_modules\esbuild
\lib\main.js:623:9)
    at 
handleIncomingPacket (C:\Us
ers\anubh\OneDrive\Desktop\
SkillSwapPt\client\node_mod
ules\esbuild\lib\main.js:67
8:12)
    at 
Socket.readFromStdout (C:\U
sers\anubh\OneDrive\Desktop
\SkillSwapPt\client\node_mo
dules\esbuild\lib\main.js:6
01:7)
    at Socket.emit 
(node:events:508:28)
    at addChunk (node:inter
nal/streams/readable:559:12
)
    at readableAddChunkPush
ByteMode (node:internal/str
eams/readable:510:3)
    at Readable.push (node:
internal/streams/readable:3
90:5)
    at Pipe.onStreamRead (n
ode:internal/stream_base_co
mmons:189:23)[39m
